Creating an optimized production build...
Compiled with warnings.

[eslint] 
src\components\Commercial\DashcamTab.jsx
  Line 45:9:  'handleDrowsinessDetected' is assigned a value but never used  no-unused-vars

src\components\Commercial\DeviceTab.jsx
  Line 4:10:  'sendSmsAlert' is defined but never used      no-unused-vars
  Line 5:23:  'StatusCard' is defined but never used        no-unused-vars
  Line 8:16:  'setLogs' is assigned a value but never used  no-unused-vars

src\components\Commercial\MobileCamTab.jsx
  Line 3:10:  'sendSmsAlert' is defined but never used      no-unused-vars
  Line 7:16:  'setLogs' is assigned a value but never used  no-unused-vars

src\components\Private\DashcamTab.jsx
  Line 9:16:  'setLogs' is assigned a value but never used  no-unused-vars

src\components\Private\DeviceTab.jsx
  Line 5:23:  'StatusCard' is defined but never used        no-unused-vars
  Line 8:16:  'setLogs' is assigned a value but never used  no-unused-vars

src\components\Private\MobileCamTab.jsx
  Line 9:16:  'setLogs' is assigned a value but never used  no-unused-vars

src\components\Simulation\AlertSimulator.jsx
  Line 21:8:  React Hook useEffect has a missing dependency: 'fetchContacts'. Either include it or remove the dependency array  react-hooks/exhaustive-deps

src\utils\smsNotification.js
  Line 178:1:  Assign object to a variable before exporting as module default  import/no-anonymous-default-export

Search for the keywords to learn more about each warning.
To ignore, add // eslint-disable-next-line to the line before.

File sizes after gzip:

  133.03 kB (+217 B)  build\static\js\main.433c7641.js
  13.06 kB (+14 B)    build\static\css\main.c3b61194.css
  1.76 kB             build\static\js\453.b19d698a.chunk.js

The project was built assuming it is hosted at /.
You can control this with the homepage field in your package.json.

The build folder is ready to be deployed.
You may serve it with a static server:

  npm install -g serve
  serve -s build

Find out more about deployment here:

  https://cra.link/deployment

